[   0.000000] Initialiincgoup suyscpuset
[    0.000000] Initializing cgroup subsys cpu
[    0.00000]nitializing cgroup subsys cpuacct
[    0.00000] Linux version 4.4.0-96-gneric (buildd@lgw01-10) (gcc version 5.4.0 20160609 (Ubuntu 5.4.-6ubutu1~16.04.4) )#119-Uuntu SMP Tue Sep 12 14:59:5 UTC 2017 (Ubuntu 4.4.0-96.119generic 4.4.83)
[    0.000000] Command line: BOOT_IMAGE=/boot/vmlinuz-4.4.0-96-generi root=LABEL=cloudimg-rootfs ro console=tty1 cnsole=ttyS0
[    0.00000] KEREL uppoted cpus:
[    0.000000]   Intel GenuineIntel
[    0.000000]   AMD AuthenticAMD
[    0.000000]   Centaur CentaurHauls
[    0.000000] x86/fpu: xstate_offset[2]:  576, xstate_sizes[2]:  256
[    0.000000] x86/fpu: Supporting XSAVE feature 0x01: 'x87 floating point registers'
[    0.000000] x86/fpu: Supportig XSAVE feature 0x02: 'SSE registers'
[    0.000000] x86/fpu: Supporting XAVE ffeature 0x04: 'AVX registers'
[    0.000000] x86/fpu: Enaled xstate features 0x7, context sizis 832bytes, using 'standard' format.
[    0.0000] x86/fpu: Using 'lazy' FPU context switches.
[    0.000000 e820: BIOS-provided physical RAM map:
[   0000000] BIOS-e820: [mem 0x0000000000000000-0x000000000009fbff] usable
[    0.000000] BIOS-e820: [mem 0x000000000009fc0-0x000000000009ffff] reserved
[   0.00000] BIOS-e820: [mem 0x00000000000f000-0x00000000000fffff] reserved
[    0.000000] BIOS-e820: [mem0x000000000010000-0x000000001ffeffff] usable
[    0.000000] BIOS-820: [mem 0x000000001fff0000-0x000000001ffffff] ACPI data
[    0.000000] BIOS-e820: [mem 0x00000000fffc0000-0x0000000ffffffff] reserved
[    0.000000] NX (Execute Disable) protection:: active
[    0.000000] SMBIOS 2.5 present.
[    0.000000] Hypervisor detected: KVM
[   0.00000]e8: last_pfn= x1f0 max_rch_pfn = 0x400000000
[    0.000000] MTRR: Disabled
[   0.000000] x86/PAT:TRRs disabled, skipping PAT initialization too.
[    0.000000] CPU MTRRs all blan - virtualized system.
[    0.00000] x86/PAT: Configuration [0-7]: WB  WT  UC- UC  WB  WT  UC- UC  
[    0.000000] foundSMP MP-table at [mem 0x0009fff0-0x0009ffff] mapped at [ffff88000009fff0]
[    0.000000] Scanning 1 areas for low memory corruption
[    0.000000] RAMDISK: [mem 0x1edb0000-0x1f83bfff]
[    0.000000] ACPI: Early tablechcksum verification disabled
[    0.000000] ACPI: RSDP 0x00000000000E0000 000024 (v02 VBOX  )
[    0.00000] ACPI: XSDT 0x000000001FF0030 00003C (v01 VBOX   VBOXXSDT 00000001 ASL  0000006
[    0.00000] ACPI: FACP 0x000000001FFF00F0 0000F4 (v04 VBOX   VBOXFACP 00000001 ALL  000061)
[    0.000000] ACPI: DST 0x000000001FFF0470 002118 (v01 VBOX   VBOXBIOS 00000002 INTL 20100528)
[    0.000000] ACPI: FACS 0x000000001FFF020 000040
[    0.000000] ACPI: FACS 0x000000001FFF0200 0000
[    0.000000] ACPI: APIC 0x000000001FFF0240 00005C (v02 VBOX   VBOXAPIC 00000001 ASL  00000061)
[    0.000000] ACPI: SSDT 0x000000001FFF02A0 0001CC (v01 VBOX   VBOXCPUT 0000000INL 20100528)
[    0.0000000] No NUMA configuration found
[    0.000000] Faking a node at [mem 0x0000000000000000-0x000000001ffeffff]
[    0.000000] NODE_DATA(0) allocated [mem 0x1ffeb000-0x1ffeffff]
[    0.000000] kvm-clock: Using msrs 4b564d01 and 4b564d00
[    0.000000] kvm-clock: cpu 0, msr 0:1ffe3001, primary cpu clock
[   0.000000] kvm-clock: using sched offset of 3360787268 cycles
[    0.000000] clocksource: kvm-clock: mask: 0xffffffffffffffff max_cycles: 0x1cd42e4dffb, max_idle_ns: 881590591483 ns
[    0.000000] Zone ranges:
[    0.000000]   DMA      [mem 0x0000000000001000-0x0000000000ffffff]
[    0.000000]   DMA32    [mem 0x0000000001000000-0x000000001ffeffff]
[    0.000000]   Normal   empty
[    0.000000]   Device   empty
[    0.000000] Movable zone start for each node
[    0.000000] Early memory node ranges
[    0.000000]   node   0: [mem 0x0000000000001000-0x000000000009efff]
[    0.000000]   node   0: [mem 0x0000000000100000-0x000000001ffeffff]
[    0.000000] Initmem etup node 0 [mem 0x0000000000001000-0x000000001ffeffff]
[    0.00000] ACPI: PM-Timer IO Port: 0x4008
[    0.000000] IOAPIC[0]: apic_id 2, version 17, address 0xfec00000, GSI 0-23
[    0.000000] ACPI: INT_SRC_OVR (bus 0 bus_irq 0 global_irq 2 dfl dfl)
[    0.000000] ACPI: INT_SRC_OVR (bus 0 bus_irq 9 global_irq 9 high level)
[    0.000000] Using ACPI (MADT) for SMP configuration information
[    0.000000] smpboot: Allowing 2 CPUs, 0 hotplug CP
[   0.000000] PM: Registered nosave memory: [mem 0x0000000-00000fff]
[    0.000000] PM: Registered nosave memory: [mem 0x0009f000x009ffff]
[    0.000000] PM: Registered nosave memory: [mem 0x000a0000-0x000effff]
[    0.000000] PM: Registered nosave memory: [mem 0x000f0000-0x000fffff]
[    0.000000] e820: [mem 0x20000000-0xfffbffff] available for PCI devices
[    0.000000] Booting paravirtualized kernel on KVM
[    0.000000] clocksource: refined-jiffies: mask: 0xffffffff max_cycles: 0xffffffff, max_idle_ns: 7645519600211568 ns
[    0.000000] setup_percpu: NR_CPUS:512 nr_cpumask_bits:512 nr_cpu_ids:2 nr_node_ids:1
[    0.000000] PERCPU: Embedded 34 pages/cpu @ffff88001fc00000 s98328 r8192 d32744 u1048576
[    0.000000] PV qspinlock hash table entries: 256 (order: 0, 4096 bytes)
[    0.000000] Built 1 zonelists in Node order, mobility grouping on.  Total pages: 128889
[    0.000000] Policy zone: DMA32
[    0.000000] Kernel command line: BOOT_IMAGE=/boot/vmlinuz-4.4.0-96-generic root=LABEL=cloudimg-rootfs ro console=tty1 console=ttyS0
[    0.000000] PID hash table entries: 2048 (order: 2, 16384 bytes)
[    0.000000] Memory: 485684K/523832K available (8479K kernel code, 1294K rwdata, 3984K rodata, 1492K init, 1316K bss, 38148K reserved, 0K cma-reserved)
[    0.000000] SLUB: HWalign=64, Order=0-3, MinObjects=0, CPUs=2, Nodes=1
[    0.000000] Hierarchical RCU implementation.
[    0.000000] 	Build-time adjustment of leaf fanout to 64.
[    0.000000] 	RCU restricting CPUs from NR_CPUS=512 to nr_cpu_ids=2.
[    0.000000] RCU: Adjusting geometry for rcu_fanout_leaf=64, nr_cpu_ids=2
[    0.000000] NR_IRQS:33024 nr_irqs:440 16
[    0.000000] Console: colour VGA+ 80x25
[    0.000000] console [tty1] enabled
[    0.000000] console [ttyS0] enabled
[    0.000000] tsc: Detected 2700000 MHz processor
[    4.000072] Calibrating delay loop (skipped) preset value.. 5400.00 BogoMIPS (lpj=10800000)
[    4.007195] pid_max: default: 32768 minimum: 301
[    4.008770] ACPI: Core revision 20150930
[    4.010980] ACPI: 2 ACPI AML tables successfully acquired and loaded
[    4.012694] Security Framework initialized
[    4.019577] Yama: becoming mindful.
[    4.020729] AppArmor: AppArmor initialized
[    4.027769] Dentry cache hash table entries: 65536 (order: 7, 524288 bytes)
[    4.029866] Inode-cache hash table entries: 32768 (order: 6, 262144 bytes)
[    4.032128] Mount-cache hash table entries: 1024 (order: 1, 8192 bytes)
[    4.039915] Mountpoint-cache hash table entries: 1024 (order: 1, 8192 bytes)
[    4.042401] Initializing cgroup subsys io
[    4.043459] Initializing cgroup subsys memory
[    4.044992] Initializing cgroup subsys devices
[    4.046869] Initializing cgroup subsys freezer
[    4.056895] Initializing cgroup subsys net_cls
[    4.058090] Initializing cgroup subsys perf_event
[    4.059279] Initializing cgroup subsys net_prio
[    4.061022] Initializing cgroup subsys hugetlb
[    4.067930] Initializing cgroup subsys pids
[    4.069318] CPU: Physical Processor ID: 0
[    4.070671] CPU: Processor Core ID: 0
[    4.073426] mce: CPU supports 0 MCE banks
[    4.082333] Last level iTLB entries: 4KB 64, 2MB 8, 4MB 8
[    4.083568] Last level dTLB entries: 4KB 64, 2MB 0, 4MB 0, 1GB 4
[    4.087070] Freeing SMP alternatives memory: 32K
[    4.098130] ftrace: allocating 32146 entries in 126 pages
[    4.156955] smpboot: APIC(0) Converting physical 0 to logical package 0
[    4.199985] smpboot: Max logical packages: 1
[    4.209998] ..TIMER: vector=0x30 apic1=0 pin1=2 apic2=-1 pin2=-1
[    4.319842] APIC calibration not consistent with PM-Timer: 98ms instead of 100ms
[    4.344729] APIC delta adjusted to PM-Timer: 6249984 (6175254)
[    4.381134] smpboot: CPU0: Intel(R) Core(TM) i5-5257U CPU @ 2.70GHz (family: 0x6, model: 0x3d, stepping: 0x4)
[    4.423672] Performance Events: unsupported p6 CPU model 61 no PMU driver, software events only.
[    4.446352] KVM setup paravirtual spinlock
[    4.474912] x86: Booting SMP configuration:
[    4.494743] .... node  #0, CPUs:      #1
[    4.508122] kvm-clock: cpu 1, msr 0:1ffe3041, secondary cpu clock
[    4.554776] mce: CPU supports 0 MCE banks
[    4.577216] x86: Booted up 1 node, 2 CPUs
[    4.602147] smpboot: Total of 2 processors activated (10800.00 BogoMIPS)
[    4.623475] devtmpfs: initialized
[    4.651752] evm: security.selinux
[    4.666089] evm: security.SMACK64
[    4.675856] evm: security.SMACK64EXEC
[    4.686258] evm: security.SMACK64TRANSMUTE
[    4.695495] evm: security.SMACK64MMAP
[    4.696665] evm: security.ima
[    4.705983] evm: security.capability
[    4.714585] clocksource: jiffies: mask: 0xffffffff max_cycles: 0xffffffff, max_idle_ns: 7645041785100000 ns
[    4.755158] futex hash table entries: 512 (order: 3, 32768 bytes)
[    4.768734] pinctrl core: initialized pinctrl subsystem
[    4.797390] RTC time: 20:22:21, date: 10/20/17
[    4.814652] NET: Registered protocol family 16
[    4.869963] cpuidle: using governor ladder
[    4.906045] cpuidle: using governor menu
[    4.923250] PCCT header not found.
[    4.940619] ACPI: bus type PCI registered
[    4.950479] acpiphp: ACPI Hot Plug PCI Controller Driver version: 0.5
[    4.980858] PCI: Using configuration type 1 for base access
[    5.014888] ACPI: Added _OSI(Module Device)
[    5.024532] ACPI: Added _OSI(Processor Device)
[    5.028033] ACPI: Added _OSI(3.0 _SCP Extensions)
[    5.030681] ACPI: Added _OSI(Processor Aggregator Device)
[    5.036223] ACPI: Executed 1 blocks of module-level executable AML code
[    5.041460] ACPI: Interpreter enabled
[    5.043722] ACPI: (supports S0 S5)
[    5.044767] ACPI: Using IOAPIC for interrupt routing
[    5.053983] PCI: Using host bridge windows from ACPI; if necessary, use "pci=nocrs" and report a bug
[    5.068231] ACPI: PCI Root Bridge [PCI0] (domain 0000 [bus 00-ff])
[    5.071341] acpi PNP0A03:00: _OSC: OS supports [ASPM ClockPM Segments MSI]
[    5.072859] acpi PNP0A03:00: _OSC failed (AE_NOT_FOUND); disabling ASPM
[    5.074420] acpi PNP0A03:00: fail to add MMCONFIG information, can't access extended PCI configuration space under this bridge.
[    5.078959] PCI host bridge to bus 0000:00
[    5.082987] pci_bus 0000:00: root bus resource [io  0x0000-0x0cf7 window]
[    5.087298] pci_bus 0000:00: root bus resource [io  0x0d00-0xffff window]
[    5.089439] pci_bus 0000:00: root bus resource [mem 0x000a0000-0x000bffff window]
[    5.091812] pci_bus 0000:00: root bus resource [mem 0x20000000-0xffdfffff window]
[    5.098473] pci_bus 0000:00: root bus resource [bus 00-ff]
[    5.101733] pci 0000:00:01.1: legacy IDE quirk: reg 0x10: [io  0x01f0-0x01f7]
[    5.112665] pci 0000:00:01.1: legacy IDE quirk: reg 0x14: [io  0x03f6]
[    5.124445] pci 0000:00:01.1: legacy IDE quirk: reg 0x18: [io  0x0170-0x0177]
[    5.131959] pci 0000:00:01.1: legacy IDE quirk: reg 0x1c: [io  0x0376]
[    5.170444] ACPI: PCI Interrupt Link [LNKA] (IRQs 5 9 10 11) *0, disabled.
[    5.175196] ACPI: PCI Interrupt Link [LNKB] (IRQs 5 9 10 *11)
[    5.181429] ACPI: PCI Interrupt Link [LNKC] (IRQs 5 9 *10 11)
[    5.207247] ACPI: PCI Interrupt Link [LNKD] (IRQs 5 *9 10 11)
[    5.222635] ACPI: Enabled 2 GPEs in block 00 to 07
[    5.234562] vgaarb: setting as boot device: PCI:0000:00:02.0
[    5.269341] vgaarb: device added: PCI:0000:00:02.0,decodes=io+mem,owns=io+mem,locks=none
[    5.275931] vgaarb: loaded
[    5.278841] vgaarb: bridge control possible 0000:00:02.0
[    5.297972] SCSI subsystem initialized
[    5.314729] ACPI: bus type USB registered
[    5.325827] usbcore: registered new interface driver usbfs
[    5.327360] usbcore: registered new interface driver hub
[    5.332047] usbcore: registered new device driver usb
[    5.336689] PCI: Using ACPI for IRQ routing
[    5.346681] NetLabel: Initializing
[    5.351940] NetLabel:  domain hash size = 128
[    5.356288] NetLabel:  protocols = UNLABELED CIPSOv4
[    5.373982] NetLabel:  unlabeled traffic allowed by default
[    5.395579] amd_nb: Cannot enumerate AMD northbridges
[    5.412130] clocksource: Switched to clocksource kvm-clock
[    5.447241] AppArmr:AppAror ileystem Enabled[    5.62644] pnp: Pn ACPI init
[   5.756072] pnp: PnP ACPI: fod 3 devices

[    5861307] clocksource: acpi_pm: msk 0xfffma_cyles: ffff, max_idle_ns: 20857024ns
[  6.348907] NET Riser protocol family 2

[    6.571505] TCP established hash table entries: 4096 (order: 3, 32768 bytes)
[  6.5783 TP ind hash table entries: 4096 (order: 4, 65536 bytes)
[   6.801426] TP:Hah tables configured (establishe 496 bind 09)[   703301] P sh ab entries: 256 (order: 1, 8192 bytes)
[    7.354686] UDP-Lite hah able entries: 256 (order: 1, 8192 bytes)
[    7.420300] NET: Registered protocol family 1
[    7.421441] pci 0000:00:00.0: Limiting direct PCI/PCI transfers
[    7.422819] pci 0000:00:01.0: Activating ISA DMA hang workarounds
[   .493] Unpacking initramfs...

[   10.433894] Freeing initrd memory: 10800K
[   10.442264] RAPL PMU detected, API unit is 2^-32 Joules, 4 fixed counters 10737418240 ms ovfl timer
[   10.466595] hw unit of domain pp0-core 2^-0 Joules
[   10.475315] hw unit of domain package 2^-0 Joules
[   10.489219] hw unit of domain dram 2^-0 Joules
[   10.515476] hw unit of domain pp1-gpu 2^-0 Joules
[   10.525181] platform rtc_cmos: registered platform RTC device (no PNP device found)
[   10.547550] Scanning for low memory corruption every 60 seconds
[   10.558799] audit: initializing netlink subsys (disabled)
[   10.582361] audit: type=2000 audit(1508530947.015:1): initialized
[   10.607735] Initialise system trusted keyring
[   10.618072] HugeTLB registered 2 MB page size, pre-allocated 0 pages
[   10.638756] zbud: loaded
[   10.653349] VFS: Disk quotas dquot_6.6.0
[   10.672859] VFS: Dquot-cache hash table entries: 512 (order 0, 4096 bytes)
[   10.679419] squashfs: version 4.0 (2009/01/31) Phillip Lougher
[   10.692513] fuse init (API version 7.23)
[   10.695494] Key type big_key registered
[   10.699586] Allocating IMA MOK and blacklist keyrings.
[   10.720328] Key type asymmetric registered
[   10.729257] Asymmetric key parser 'x509' registered
[   10.742397] Block layer SCSI generic (bsg) driver version 0.4 loaded (major 249)
[   10.754687] io scheduler noop registered
[   10.767252] io scheduler deadline registered (default)
[   10.774325] io scheduler cfq registered
[   10.779709] pci_hotplug: PCI Hot Plug PCI Core version: 0.5
[   10.785545] pciehp: PCI Express Hot Plug Controller Driver version: 0.4
[   10.797520] ACPI: AC Adapter [AC] (off-line)
[   10.812848] input: Power Button as /devices/LNXSYSTM:00/LNXPWRBN:00/input/input0
[   10.835906] ACPI: Power Button [PWRF]
[   10.844533] input: Sleep Button as /devices/LNXSYSTM:00/LNXSLPBN:00/input/input1
[   10.869122] ACPI: Sleep Button [SLPF]
[   10.894154] ACPI: Battery Slot [BAT0] (battery present)
[   10.908653] GHES: HEST is not enabled!
[   10.924714] Serial: 8250/16550 driver, 32 ports, IRQ sharing enabled
[   10.968080] 00:02: ttyS0 at I/O 0x3f8 (irq = 4, base_baud = 115200) is a 16550A
[   10.979669] Linux agpgart interface v0.103
[   10.997220] loop: module loaded
[   11.008697] scsi host0: ata_piix
[   11.017715] scsi host1: ata_piix
[   11.037152] ata1: PATA max UDMA/33 cmd 0x1f0 ctl 0x3f6 bmdma 0xd000 irq 14
[   11.054627] ata2: PATA max UDMA/33 cmd 0x170 ctl 0x376 bmdma 0xd008 irq 15
[   11.091752] libphy: Fixed MDIO Bus: probed
[   11.108459] tun: Universal TUN/TAP device driver, 1.6
[   11.127358] tun: (C) 1999-2004 Max Krasnyansky <maxk@qualcomm.com>
[   11.146307] PPP generic driver version 2.4.2
[   11.154441] ehci_hcd: USB 2.0 'Enhanced' Host Controller (EHCI) Driver
[   11.160841] ehci-pci: EHCI PCI platform driver
[   11.169129] ehci-platform: EHCI generic platform driver
[   11.186578] ohci_hcd: USB 1.1 'Open' Host Controller (OHCI) Driver
[   11.199113] ohci-pci: OHCI PCI platform driver
[   11.209266] ohci-platform: OHCI generic platform driver
[   11.226029] uhci_hcd: USB Universal Host Controller Interface driver
[   11.238418] i8042: PNP: PS/2 Controller [PNP0303:PS2K,PNP0f03:PS2M] at 0x60,0x64 irq 1,12
[   11.260001] serio: i8042 KBD port at 0x60,0x64 irq 1
[   11.276071] serio: i8042 AUX port at 0x60,0x64 irq 12
[   11.293386] mousedev: PS/2 mouse device common for all mice
[   11.328116] input: AT Translated Set 2 keyboard as /devices/platform/i8042/serio0/input/input2
[   11.360742] rtc_cmos rtc_cmos: rtc core: registered rtc_cmos as rtc0
[   11.39999]tc_cmos c_cmos:alarms p o oneda 1 bytes nvram

[   11.524668] tsc: fined TSC cloksorce calibration: 2699.417 Mz

[   11.524672] cocksource: tsc: mask: 0xffffffffffffffff max_cycles: 0x26e917bb15c, max_ie_ns: 440795325607 ns

[   12.482601] i2c /dev entries driver
[   12.486401] device-mapper: uevent: version 1.0.3
[   12.543729] device-mapper: ioctl: 4.34.0-ioctl (2015-10-28) initialised: dm-devel@redhat.com
[   12.565508] ledtrig-cpu: registered to indicate activity on CPUs
[   12.584964] NET: Registered protocol family 10
[   12.605772] NET: Registered protocol family 17
[   12.630124] Key type dns_resolver registered
[   12.637223] microcode: CPU0 sig=0x306d4, pf=0x40, revision=0x0
[   12.652862] microcode: CPU1 sig=0x306d4, pf=0x40, revision=0x0
[   12.677329] microcode: Microcode Update Driver: v2.01 <tigran@aivazian.fsnet.co.uk>, Peter Oruba
[   12.742345] registered taskstats version 1
[   12.801095] Loading compiled-in X.509 certificates
[   12.830427] Loaded X.509 cert 'Build time autogenerated kernel key: b1a6ea8776bed2812c00d8a799f968274ef48628'
[   12.867680] zswap: loaded using pool lzo/zbud
[   12.890170] Key type trusted registered
[   12.920532] Key type encrypted registered
[   12.943904] AppArmor: AppArmor sha1 policy hashing enabled
[   12.961932] ima: No TPM chip found, activating TPM-bypass!
[   12.981443] evm: HMAC attrs: 0x1
[   12.998637]   Magic number: 5:473:397
[   13.012969] mem random: hash matches
[   13.021361] rtc_cmos rtc_cmos: setting system clock to 2017-10-20 20:22:29 UTC (1508530949)
[   13.048797] BIOS EDD facility v0.16 2004-Jun-25, 0 devices found
[   13.083189] EDD information not available.
[   13.107012] Freeing unused kernel memory: 1492K
[   13.130789] Write protecting the kernel read-only data: 14336k
[   13.213300] Freeing unused kernel memory: 1748K
[   13.262245] Freeing unused kernel memory: 112K
Loading, please wait...
starting version[   13.318046] random: systemd-udevd: uninitialized urandom read (16 bytes read, 5 bits of entropy available)
 229
[   13.318891] random: udevadm: uninitialized urandom read (16 bytes read, 5 bits of entropy available)
[   13.318942] random: udevadm: uninitialized urandom read (16 bytes read, 5 bits of entropy available)
[   13.319046] random: udevadm: uninitialized urandom read (16 bytes read, 5 bits of entropy available)
[   13.319086] random: udevadm: uninitialized urandom read (16 bytes read, 5 bits of entropy available)
[   13.319142] random: udevadm: uninitialized urandom read (16 bytes read, 5 bits of entropy available)
[   13.319185] random: udevadm: uninitialized urandom read (16 bytes read, 5 bits of entropy available)
[   13.319236] random: udevadm: uninitialized urandom read (16 bytes read, 5 bits of entropy available)
[   13.319289] random: udevadm: uninitialized urandom read (16 bytes read, 5 bits of entropy available)
[   13.319344] random: udevadm: uninitialized urandom read (16 bytes read, 5 bits of entropy available)
[   13.480494] e1000: Intel(R) PRO/1000 Network Driver - version 7.3.21-k8-NAPI
[   13.497807] e1000: Copyright (c) 1999-2006 Intel Corporation.
[   13.530309] Fusion MPT base driver 3.04.20
[   13.549724] Copyright (c) 1999-2008 LSI Corporation
[   13.605738] Fusion MPT SPI Host driver 3.04.20
[   13.622802] AVX version of gcm_enc/dec engaged.
[   13.644891] AES CTR mode by8 optimization enabled
[   13.871969] input: ImExPS/2 Generic Explorer Mouse as /devices/platform/i8042/serio1/input/input4
[   14.388599] e1000 0000:00:03.0 eth0: (PCI:33MHz:32-bit) 02:dc:25:78:06:25
[   14.416192] e1000 0000:00:03.0 eth0: Intel(R) PRO/1000 Network Connection
[   14.437468] e1000 0000:00:03.0 enp0s3: renamed from eth0
[   14.463713] mptbase: ioc0: Initiating bringup
[   14.564593] ioc0: LSI53C1030 A0: Capabilities={Initiator}
[   15.699244] scsi host2: ioc0: LSI53C1030 A0, FwRev=00000000h, Ports=1, MaxQ=256, IRQ=20
[   16.489213] scsi 2:0:0:0: Direct-Access     VBOX     HARDDISK         1.0  PQ: 0 ANSI: 5
[   16.521026] scsi target2:0:0: Beginning Domain Validation
[   16.577151] floppy0: no floppy controllers found
[   16.627417] scsi target2:0:0: Domain Validation skipping write tests
[   16.709223] scsi target2:0:0: Ending Domain Validation
[   16.756721] scsi target2:0:0: asynchronous
[   16.805845] scsi 2:0:1:0: Direct-Access     VBOX     HARDDISK         1.0  PQ: 0 ANSI: 5
[   16.816531] scsi target2:0:1: Beginning Domain Validation
[   16.870611] scsi target2:0:1: Domain Validation skipping write tests
[   16.905914] scsi target2:0:1: Ending Domain Validation
[   16.922506] scsi target2:0:1: asynchronous
[   16.965245] sd 2:0:0:0: Attached scsi generic sg0 type 0
[   16.968289] sd 2:0:0:0: [sda] 20971520 512-byte logical blocks: (10.7 GB/10.0 GiB)
[   16.968675] sd 2:0:0:0: [sda] Write Protect is off
[   16.969158] sd 2:0:0:0: [sda] Incomplete mode parameter data
[   16.969159] sd 2:0:0:0: [sda] Assuming drive cache: write through
[   16.988458]  sda: sda1
[   16.989933] sd 2:0:0:0: [sda] Attached SCSI disk
[   17.256951] sd 2:0:1:0: [sdb] 20480 512-byte logical blocks: (10.5 MB/10.0 MiB)
[   17.292782] sd 2:0:1:0: Attached scsi generic sg1 type 0
[   17.315514] sd 2:0:1:0: [sdb] Write Protect is off
[   17.330199] sd 2:0:1:0: [sdb] Incomplete mode parameter data
[   17.362278] sd 2:0:1:0: [sdb] Assuming drive cache: write through
[   17.391323] sd 2:0:1:0: [sdb] Attached SCSI disk
Begin: Loading essential drivers ... [   19.023952] md: linear personality registered for level -1
[   19.061166] md: multipath personality registered for level -4
[   19.111179] md: raid0 personality registered for level 0
[   19.141632] md: raid1 personality registered for level 1
[   19.276336] raid6: sse2x1   gen()  4433 MB/s
[   19.372225] raid6: sse2x1   xor()  4333 MB/s
[   19.476405] raid6: sse2x2   gen()  7005 MB/s
[   19.556228] raid6: sse2x2   xor()  6795 MB/s
[   19.660633] raid6: sse2x4   gen() 13947 MB/s
[   19.740401] raid6: sse2x4   xor()  8095 MB/s
[   19.756736] raid6: using algorithm sse2x4 gen() 13947 MB/s
[   19.757751] raid6: .... xor() 8095 MB/s, rmw enabled
[   19.758692] raid6: using ssse3x2 recovery algorithm
[   19.761221] xor: automatically using best checksumming function:
[   19.804641]    avx       : 28556.000 MB/sec
[   19.837358] async_tx: api initialized (async)
[   19.900673] md: raid6 personality registered for level 6
[   19.915431] md: raid5 personality registered for level 5
[   19.922430] md: raid4 personality registered for level 4
[   19.928582] md: raid10 personality registered for level 10
done.
Begin: Running /scripts/init-premount ... done.
Begin: Mounting root file system ... Begin: Running /scripts/local-top ... done.
Begin: Running /scripts/l[   19.967252] Btrfs loaded
ocal-premount ... Scanning for Btrfs filesystems
done.
Warning: fsck not present, so skipping root file system
[   20.028696] EXT4-fs (sda1): mounted filesystem with ordered data mode. Opts: (null)
done.
Begin: Running /scripts/local-bottom ... done.
Begin: Running /scripts/init-bottom ... done.
[   20.161570] systemd[1]: systemd 229 running in system mode. (+PAM +AUDIT +SELINUX +IMA +APPARMOR +SMACK +SYSVINIT +UTMP +LIBCRYPTSETUP +GCRYPT +GNUTLS +ACL +XZ -LZ4 +SECCOMP +BLKID +ELFUTILS +KMOD -IDN)
[   20.189634] systemd[1]: Detected virtualization oracle.
[   20.198779] systemd[1]: Detected architecture x86-64.

Welcome to [1mUbuntu 16.04.3 LTS[0m!

[   20.225681] systemd[1]: Set hostname to <ubuntu>.
[   20.239419] systemd[1]: Initializing machine ID from random generator.
[   20.256426] systemd[1]: Installed transient /etc/machine-id file.
[   20.582357] systemd[1]: Listening on Journal Socket.
[[0;32m  OK  [0m] Listening on Journal Socket.
[   20.604878] systemd[1]: Listening on Journal Socket (/dev/log).
[[0;32m  OK  [0m] Listening on Journal Socket (/dev/log).
[   20.669654] systemd[1]: Listening on udev Kernel Socket.
[[0;32m  OK  [0m] Listening on udev Kernel Socket.
[   20.680770] systemd[1]: Listening on LVM2 poll daemon socket.
[[0;32m  OK  [0m] Listening on LVM2 poll daemon socket.
[   20.705069] systemd[1]: Created slice User and Session Slice.
[[0;32m  OK  [0m] Created slice User and Session Slice.
[   20.720944] systemd[1]: Reached target Swap.
[[0;32m  OK  [0m] Reached target Swap.
[   20.736782] systemd[1]: Created slice System Slice.
[[0;32m  OK  [0m] Created slice System Slice.
[   20.765059] systemd[1]: Reached target Slices.
[[0;32m  OK  [0m] Reached target Slices.
[   20.836482] systemd[1]: Created slice system-serial\x2dgetty.slice.
[[0;32m  OK  [0m] Created slice system-serial\x2dgetty.slice.
[   20.876106] systemd[1]: Listening on udev Control Socket.
[[0;32m  OK  [0m] Listening on udev Control Socket.
[   20.879683] systemd[1]: Listening on LVM2 metadata daemon socket.
[[0;32m  OK  [0m] Listening on LVM2 metadata daemon socket.
[   20.920478] systemd[1]: Starting Uncomplicated firewall...
         Starting Uncomplicated firewall...
[   20.972726] systemd[1]: Mounting Debug File System...
         Mounting Debug File System...
[   21.020542] systemd[1]: Starting Nameserver information manager...
         Starting Nameserver information manager...
[   21.043331] systemd[1]: Started Forward Password Requests to Wall Directory Watch.
[[0;32m  OK  [0m] Started Forward Password Requests to Wall Directory Watch.
[   21.064924] random: nonblocking pool is initialized
[   21.080631] systemd[1]: Starting Load Kernel Modules...
[   21.093528] Loading iSCSI transport class v2.0-870.
         Starting Load Kernel Modules...
[   21.639519] iscsi: registered transport (tcp)
[   21.641345] systemd[1]: Listening on /dev/initctl Compatibility Named Pipe.
[[0;32m  OK  [0m] Listening on /dev/initctl Compatibility Named Pipe.
[   21.672075] iscsi: registered transport (iser)
[   21.684828] systemd[1]: Starting Remount Root and Kernel File Systems...
         Startin[   21.693586] EXT4-fs (sda1): re-mounted. Opts: (null)
g Remount Root and Kernel File Systems...
[   21.720274] systemd[1]: Listening on Device-mapper event daemon FIFOs.
[[0;32m  OK  [0m] Listening on Device-mapper event daemon FIFOs.
[   21.752469] systemd[1]: Starting Monitoring of LVM2 mirrors, snapshots etc. using dmeventd or progress polling...
         Starting Monitoring of LVM2 mirrors... dmeventd or progress polling...
[   21.803689] systemd[1]: Starting Create list of required static device nodes for the current kernel...
         Starting Create list of required st... nodes for the current kernel...
[   21.868123] systemd[1]: Listening on Syslog Socket.
[[0;32m  OK  [0m] Listening on Syslog Socket.
[   21.888354] systemd[1]: Mounting POSIX Message Queue File System...
         Mounting POSIX Message Queue File System...
[   21.914513] systemd[1]: Reached target User and Group Name Lookups.
[[0;32m  OK  [0m] Reached target User and Group Name Lookups.
[   21.927011] systemd[1]: Set up automount Arbitrary Executable File Formats File System Automount Point.
[[0;32m  OK  [0m] Set up automount Arbitrary Executab...ats File System Automount Point.
[   21.964016] systemd[1]: Reached target Encrypted Volumes.
[[0;32m  OK  [0m] Reached target Encrypted Volumes.
[   22.016826] systemd[1]: Starting Set console keymap...
         Starting Set console keymap...
[   22.052426] systemd[1]: Listening on Journal Audit Socket.
[[0;32m  OK  [0m] Listening on Journal Audit Socket.
[   22.067833] systemd[1]: Starting Journal Service...
         Starting Journal Service...
[   22.092523] systemd[1]: Started Trigger resolvconf update for networkd DNS.
[[0;32m  OK  [0m] Started Trigger resolvconf update for networkd DNS.
[   22.220996] systemd[1]: Mounting Huge Pages File System...
         Mounting Huge Pages File System...
[   22.309160] systemd[1]: Mounted POSIX Message Queue File System.
[[0;32m  OK  [0m] Mounted POSIX Message Queue File System.
[   22.432950] systemd[1]: Mounted Debug File System.
[[0;32m  OK  [0m] Mounted Debug File System.
[   22.524759] systemd[1]: Mounted Huge Pages File System.
[[0;32m  OK  [0m] Mounted Huge Pages File System.
[   22.569029] systemd[1]: Started Journal Service.
[[0;32m  OK  [0m] Started Journal Service.
[[0;32m  OK  [0m] Started Uncomplicated firewall.
[[0;32m  OK  [0m] Started Load Kernel Modules.
[[0;32m  OK  [0m] Started Remount Root and Kernel File Systems.
[[0;32m  OK  [0m] Started Create list of required sta...ce nodes for the current kernel.
[[0;32m  OK  [0m] Started Set console keymap.
[[0;32m  OK  [0m] Started Nameserver information manager.
[[0;32m  OK  [0m] Started LVM2 metadata daemon.
         Starting Create Static Device Nodes in /dev...
         Starting Initial cloud-init job (pre-networking)...
         Starting Load/Save Random Seed...
         Starting udev Coldplug all Devices...
         Starting Apply Kernel Variables...
         Mounting FUSE Control File System...
         Starting Flush Journal to Persistent Storage...
[[0;32m  OK  [0m] Mounted FUSE Control File System.
[[0;32m  OK  [0m] Started Create Static Device Nodes in /dev.
[[0;32m  OK  [0m] Started Monitoring of LVM2 mirrors,...ng dmeventd or progress polling.
[[0;32m  OK  [0m] Started Load/Save Random Seed.
[[0;32m  OK  [0m] Started Apply Kernel Variables.
[[0;32m  OK  [0m] Started udev Coldplug all Devices.
[[0;32m  OK  [0m] Started Flush Journal to Persistent Storage.
         Starting udev Kernel Device Manager...
[[0;32m  OK  [0m] Started udev Kernel Device Manager.
[[0;32m  OK  [0m] Reached target Local File Systems (Pre).
[[0;32m  OK  [0m] Reached target Local File Systems.
         Starting Set console font and keymap...
         Starting Create Volatile Files and Directories...
         Starting LSB: AppArmor initialization...
         Starting Tell Plymouth To Write Out Runtime Data...
         Starting Commit a transient machine-id on disk...
[[0;32m  OK  [0m] Started Dispatch Password Requests to Console Directory Watch.
[[0;32m  OK  [0m] Started Create Volatile Files and Directories.
[[0;32m  OK  [0m] Started Tell Plymouth To Write Out Runtime Data.
[[0;32m  OK  [0m] Started Commit a transient machine-id on disk.
[[0;32m  OK  [0m] Found device /dev/ttyS0.
         Starting Update UTMP about System Boot/Shutdown...
[[0;32m  OK  [0m] Reached target System Time Synchronized.
[[0;32m  OK  [0m] Started Update UTMP about System Boot/Shutdown.
[[0;32m  OK  [0m] Listening on Load/Save RF Kill Switch Status /dev/rfkill Watch.
[[0;32m  OK  [0m] Started LSB: AppArmor initialization.
[[0;32m  OK  [0m] Started Set console font and keymap.
[[0;32m  OK  [0m] Created slice system-getty.slice.
[   50.622879] cloud-init[443]: Cloud-init v. 0.7.9 running 'init-local' at Fri, 20 Oct 2017 20:23:11 +0000. Up 50.30 seconds.
[[0;32m  OK  [0m] Started Initial cloud-init job (pre-networking).
[[0;32m  OK  [0m] Reached target Network (Pre).
         Starting Raise network interfaces...
[[0;32m  OK  [0m] Started Raise network interfaces.
[[0;32m  OK  [0m] Reached target Network.
         Starting Initial cloud-init job (metadata service crawler)...
[   51.910138] cloud-init[939]: Cloud-init v. 0.7.9 running 'init' at Fri, 20 Oct 2017 20:23:12 +0000. Up 51.22 seconds.
[   51.928656] cloud-init[939]: ci-info: +++++++++++++++++++++++++++++++++++++Net device info+++++++++++++++++++++++++++++++++++++
[   51.933963] cloud-init[939]: ci-info: +--------+------+---------------------------+---------------+-------+-------------------+
[   51.958325] cloud-init[939]: ci-info: | Device |  Up  |          Address          |      Mask     | Scope |     Hw-Address    |
[   51.967179] cloud-init[939]: ci-info: +--------+------+---------------------------+---------------+-------+-------------------+[[0;32m  OK  [0m] Started Initial cloud-init job (metadata service crawler).

[   52.000136] [cloud-init[0;32m  OK  [0m[939]: ] ci-info: |   lo   | True |         127.0.0.1         |   255.0.0.0   |   .   |         .         |Reached target Cloud-config availability.

[[0;32m  OK  [0m] Reached target Network is Online.
[   52.000673] cloud-init[939]: ci-info: |   lo   | True |          ::1/128          |       .       |  host |         .         |
[   52.091323]          cloud-initStarting iSCSI initiator daemon (iscsid)...[939]: 
ci-info: | enp0s3 | True |         10.0.2.15         | 255.255.255.0 |   .   | 02:dc:25:78:06:25 |
[   52.107268] [cloud-init[0;32m  OK  [0m[939]: ] ci-info: | enp0s3 | True | fe80::dc:25ff:fe78:625/64 |       .       |  link | 02:dc:25:78:06:25 |Reached target System Initialization.

[[0;32m  OK  [0m] Started Timer to automatically refresh installed snaps.
[   52.107757] cloud-init[939]: ci-info: +--------+------+---------------------------+---------------+-------+-------------------+
[   52.288857]          cloud-initStarting LXD - unix socket.[939]: 
ci-info: +++++++++++++++++++++++++++Route IPv4 info++++++++++++++++++++++++++++
[[0;32m  OK  [0m] Started Daily apt download activities.
[[0;32m  OK  [0m] Started Daily apt upgrade and clean activities.
[   52.289515] cloud-init[939]: ci-info: +-------+-------------+----------+---------------+-----------+-------+
[   52.338166] [[0;32m  OK  [0m] Started ACPI Events Check.
[[0;32m  OK  [0m] Reached target Paths.
[[0;32m  OK  [0m] Listening on D-Bus System Message Bus Socket.
[[0;32m  OK  [0m] Started Timer to automatically fetch and run repair assertions.
cloud-init[939]: ci-info: | Route | Destination | Gateway  |    Genmask    | Interface | Flags |
[   52.413853] [cloud-init[0;32m  OK  [0m[939]: ] ci-info: +-------+-------------+----------+---------------+-----------+-------+Listening on ACPID Listen Socket.

[[0;32m  OK  [0m] Started Daily Cleanup of Temporary Directories.
[[0;32m  OK  [0m] Reached target Timers.
         Starting Socket activation for snappy daemon.
[[0;32m  OK  [0m] Listening on UUID daemon activation socket.
[   52.414420] cloud-init[939]: ci-info: |   0   |   0.0.0.0   | 10.0.2.2 |    0.0.0.0    |   enp0s3  |   UG  |
[   52.487709] [[0;32m  OK  [0m] Listening on LXD - unix socket.
[[0;32m  OK  [0m] Listening on Socket activation for snappy daemon.
cloud-init[939]: ci-info: |   1   |   10.0.2.0  | 0.0.0.0  | 255.255.255.0 |   enp0s3  |   U   |
[   52.588520] [cloud-init[0;32m  OK  [0m[939]: ] ci-info: +-------+-------------+----------+---------------+-----------+-------+Started iSCSI initiator daemon (iscsid).

[   52.627266]          cloud-initStarting Login to default iSCSI targets...[939]: 
Generating public/private rsa key pair.
[   52.658543] [cloud-init[0;32m  OK  [0m[939]: ] Your identification has been saved in /etc/ssh/ssh_host_rsa_key.Reached target Sockets.

[   52.665498] [[0;32m  OK  [0m] Reached target Basic System.
cloud-init[939]: Your public key has been saved in /etc/ssh/ssh_host_rsa_key.pub.
[   52.680423] cloud-init[939]: The key fingerprint is:
[   52.712677]          cloud-initStarting Pollinate to seed the pseudo random number generator...[939]: 
SHA256:Z0GTTLxHw77NcxV1dBeunPtmdVSyy/2opPOgYuek3xg root@ubuntu-xenial
[   52.800403]          cloud-initStarting Apply the settings specified in cloud-config...[939]: 
The key's randomart image is:
[[0;32m  OK  [0m] Started D-Bus System Message Bus.
[   52.856176] cloud-init[939]: +---[RSA 2048]----+
[   52.920288] cloud-init[939]: |         ++o   oO|
[[0;32m  OK  [0m] Started FUSE filesystem for LXC.
[   52.942182] cloud-init[939]: |         .+.+ o.=|
[   52.958697] cloud-init[939]: |          .+ . +o|
         Starting Login Service...
[   52.987152] cloud-init[939]: |          ..+ + o|
[   53.024366] cloud-init[939]: |        S o. O +.|
[   53.037876] cloud-init[939]: |         o  . B =|
         Starting /etc/rc.local Compatibility...
[[0;32m  OK  [0m] Started Unattended Upgrades Shutdown.
[   53.058414] cloud-init[939]: |        E . .. ++|
[   53.116795] cloud-init[939]: |      oo.=.+  oo.|
[[0;32m  OK  [0m] Started Regular background program processing daemon.
[   53.152453] cloud-init[939]: |     ..== ooo.o. |
[[0;32m  OK  [0m] Started ACPI event daemon.
[   53.217751] cloud-init[939]: +----[SHA256]-----+
         Starting Snappy daemon...
[   53.267739] cloud-init[939]: Generating public/private dsa key pair.
[   53.298087] cloud-init[939]: Your identification has been saved in /etc/ssh/ssh_host_dsa_key.
         Starting Accounts Service...
[   53.320329] cloud-init[939]: Your public key has been saved in /etc/ssh/ssh_host_dsa_key.pub.
[   53.368438]          cloud-initStarting LSB: Record successful boot for GRUB...[939]: 
The key fingerprint is:
[   53.369274] cloud-init[939]: SHA256:8MYc9v6rutVlwNMfqQ9yTkmU8+w7/YPANq3Q0cDMbmk root@ubuntu-xenial
         [   53.409545] Starting LSB: MD monitoring daemon...cloud-init
[939]: The key's randomart image is:
[   53.420860] cloud-init[939]: +---[DSA 1024]----+
         Starting System Logging Service...
[   53.440590] cloud-init[939]: |          +  ..  |
[   53.455767] cloud-init[939]: |           *.+  .|
[[0;32m  OK  [0m] Started Deferred execution scheduler.
         Starting LXD - container startup/shutdown...
[   53.481472] cloud-init[939]: |      . o . B.=o |
[   53.501407] cloud-init[939]: |       * o E.+o+.|
[   53.504248] [[0;32m  OK  [0m] Started System Logging Service.
[[0;32m  OK  [0m] Started Snappy daemon.
cloud-init[939]: |        S *.o*+ .|
[   53.520676] [cloud-init[0;32m  OK  [0m[939]: ] |       . o B=+o. |Started Pollinate to seed the pseudo random number generator.

[[0;32m  OK  [0m] Started /etc/rc.local Compatibility.
[   53.551013] cloud-init[939]: |          = =...o|
[   53.588600] cloud-init[939]: |         . o . +.|
[   53.607014] cloud-init[939]: |        oo..o.  =|
[   53.626763] cloud-init[939]: +----[SHA256]-----+
[   53.640484] [cloud-init[0;32m  OK  [0m[939]: ] Generating public/private ecdsa key pair.Started Login to default iSCSI targets.

[   53.724647] [cloud-init[0;32m  OK  [0m[939]: ] Your identification has been saved in /etc/ssh/ssh_host_ecdsa_key.
Started LXD - container startup/shutdown.
[   53.725531] cloud-init[939]: Your public key has been saved in /etc/ssh/ssh_host_ecdsa_key.pub.
[   53.799157] cloud-init[939]: The key fingerprint is:
[   53.812247] cloud-init[939]: SHA256:JJFYEgIjwfmyAaS9Aq+0YDc04OIKdbjtmVgFr2IDYpA root@ubuntu-xenial
[   53.840968] cloud-init[939]: The key's randomart image is:
[   53.845848] cloud-init[939]: +---[ECDSA 256]---+
[   53.854126] [cloud-init[0;32m  OK  [0m[939]: ] |O*o ++o.         |Started LSB: Record successful boot for GRUB.

[[0;32m  OK  [0m] Started LSB: MD monitoring daemon.
[   53.855045] cloud-init[939]: |E=.o.+..         |
[   53.865967] cloud-init[939]: |Bo=o. + .        |
[   53.871368] [[0;32m  OK  [0m] Started Login Service.
cloud-init[939]: |**.*.o o         |
         Starting Authenticate and Authorize Users to Run Privileged Tasks...
[[0;32m  OK  [0m] Reached target Remote File Systems (Pre).
[   53.899426] cloud-init[939]: |++@o+   S        |
[[0;32m  OK  [0m] Reached target Remote File Systems.
[   53.979718] cloud-init[939]: |*=o*.o           |
         Starting Permit User Sessions...
         Starting LSB: automatic crash report generation...
         Starting LSB: daemon to balance interrupts for SMP systems...
[   54.027325] cloud-init[939]: |o.. +            |
         Starting LSB: VirtualBox Linux Additions...
[   54.081946] cloud-init[939]: |                 |
         Starting LSB: Set the CPU Frequency Scaling governor to "ondemand"...
[   54.101391] cloud-init[939]: |                 |
         Starting OpenBSD Secure Shell server...
[   54.135546] cloud-init[939]: +----[SHA256]-----+
[   54.146809] cloud-init[939]: Generating public/private ed25519 key pair.
[   54.149781] cloud-init[939]: Your identification has been saved in /etc/ssh/ssh_host_ed25519_key.
         Starting Auto import assertions from block devices...
[[0;32m  OK  [0m] Started OpenBSD Secure Shell server.
[[0;32m  OK  [0m] Started Permit User Sessions.
[[0;32m  OK  [0m] Started Authenticate and Authorize Users to Run Privileged Tasks.
[[0;32m  OK  [0m] Started Auto import assertions from block devices.
[   54.166767] cloud-init[939]: Your public key has been saved in /etc/ssh/ssh_host_ed25519_key.pub.
[   54.220536] cloud-init[939]: The key fingerprint is:
[[0;32m  OK  [0m] Started Accounts Service.
[   54.232503] cloud-init[939]: SHA256:lZCO+iMCgP79p4KyCn9NPOw2zzQszzVYpjfp110j6cs root@ubuntu-xenial
[   54.267012] cloud-init[939]: The key's randomart image is:
[   54.276912] cloud-init[939]: +--[ED25519 256]--+
[   54.293335] cloud-init[939]: |        ..       |
[   54.303999] cloud-init[939]: |        .. .     |
[   54.313620] cloud-init[939]: |.      o  o      |
         Starting Terminate Plymouth Boot Screen...
         Starting Hold until boot process finishes up...
[[0;32m  OK  [0m] Started LSB: automatic crash report generation.
[[0;32m  OK  [0m] Started LSB: daemon to balance interrupts for SMP systems.
[[0;32m  OK  [0m] Started LSB: Set the CPU Frequency Scaling governor to "ondemand".
[[0;32m  OK  [0m] Started LSB: VirtualBox Linux Additions.
[[0;32m  OK  [0m] Started Terminate Plymouth Boot Screen.
[   54.329847] [cloud-init[0;32m  OK  [0m[939]: ] |o     . ..       |Started Hold until boot process finishes up.

[   54.472725] cloud-init[939]: |o    +  S o   .  |
[   54.479508] cloud-init[939]: |..  . =. = . o ..|
[[0;32m  OK  [0m] Started Serial Getty on ttyS0.
[[0;32m  OK  [0m] Started Getty on tty1.
[[0;32m  OK  [0m] Reached target Login Prompts.[   54.490083] cloud-init[939]: |... o=..* * ....o|
[   54.525411] cloud-init[939]: |.o.oooB* * oo.. .|
[   54.525526] cloud-init[939]: |o.+o oo*B .. E.  |
[   54.525604] cloud-init[939]: +----[SHA256]-----+

[   54.528763] cloud-init[1056]: Generating locales (this might take a while)...
         Starting Set console scheme...
[[0;32m  OK  [0m] Reached target Multi-User System.
[[0;32m  OK  [0m] Reached target Graphical Interface.
         Starting Update UTMP about System Runlevel Changes...
[[0;32m  OK  [0m] Started Set console scheme.
[[0;32m  OK  [0m] Started Update UTMP about System Runlevel Changes.
[   55.413437] cloud-init[1056]:   en_US.UTF-8... done
[   55.492884] cloud-init[1056]: Generation complete.
         Stopping OpenBSD Secure Shell server...
[[0;32m  OK  [0m] Stopped OpenBSD Secure Shell server.
         Starting OpenBSD Secure Shell server...
[[0;32m  OK  [0m] Started OpenBSD Secure Shell server.
[[0;32m  OK  [0m] Created slice User Slice of ubuntu.
         Starting User Manager for UID 1000...
[[0;32m  OK  [0m] Started User Manager for UID 1000.
[[0;32m  OK  [0m] Started Session 1 of user ubuntu.
[   56.297397] cloud-init[1056]: Cloud-init v. 0.7.9 running 'modules:config' at Fri, 20 Oct 2017 20:23:14 +0000. Up 53.09 seconds.
[[0;32m  OK  [0m] Started Apply the settings specified in cloud-config.
         Starting Execute cloud user/final scripts...
ci-info: no authorized ssh keys fingerprints found for user ubuntu.
<14>Oct 20 20:23:18 ec2: 
<14>Oct 20 20:23:18 ec2: #############################################################
<14>Oct 20 20:23:18 ec2: -----BEGIN SSH HOST KEY FINGERPRINTS-----
<14>Oct 20 20:23:18 ec2: 1024 SHA256:8MYc9v6rutVlwNMfqQ9yTkmU8+w7/YPANq3Q0cDMbmk root@ubuntu-xenial (DSA)
<14>Oct 20 20:23:18 ec2: 256 SHA256:JJFYEgIjwfmyAaS9Aq+0YDc04OIKdbjtmVgFr2IDYpA root@ubuntu-xenial (ECDSA)
<14>Oct 20 20:23:18 ec2: 256 SHA256:lZCO+iMCgP79p4KyCn9NPOw2zzQszzVYpjfp110j6cs root@ubuntu-xenial (ED25519)
<14>Oct 20 20:23:18 ec2: 2048 SHA256:Z0GTTLxHw77NcxV1dBeunPtmdVSyy/2opPOgYuek3xg root@ubuntu-xenial (RSA)
<14>Oct 20 20:23:18 ec2: -----END SSH HOST KEY FINGERPRINTS-----
<14>Oct 20 20:23:18 ec2: #############################################################
-----BEGIN SSH HOST KEY KEYS-----
ecdsa-sha2-nistp256 AAAAE2VjZHNhLXNoYTItbmlzdHAyNTYAAAAIbmlzdHAyNTYAAABBBAzVPPymkXORGj4qgN3x2xMYWVLR3giFaY1fZcKfLmbDWhh1XVBvCijE5pBoGuF3MIe663bxc+z2+GH1aG7AVNE= root@ubuntu-xenial
ssh-ed25519 AAAAC3NzaC1lZDI1NTE5AAAAIFCcXAZu4gUMc/ZAlyeMPqfibqvLFdBaAzSsJICqIvjD root@ubuntu-xenial
ssh-rsa AAAAB3NzaC1yc2EAAAADAQABAAABAQDEOf63+JxoS2gSGSsZLX0HDic/02XKF987MQLouIi6d2TjuDWj4wWb6a3w8oiNaD03+YQU+v61yTWHIocB9ZcqK2BUcsloQ3+XqrFSDVbngZlDDYIDB3aV7sO+zZZbRCZ8KiNVmRdhGcDTGNORQslSbvVKd7DBA4x4l8U/qxwNFGpqh/zyHySbbMSzEM2bThc8QP/vrDtGpJWvPdT5sAaqzD1il+m/Nqrcnn56vG6O3SQVaTTegmTVw2dfIoC9zZqsEEkMvzHsjT5ht2R/7M38AltWFDwme9M8sFcnLkTXVolMej1oYZiHBLH29MM8woZVNzQvDwRoGwKAOQKQ4rQV root@ubuntu-xenial
-----END SSH HOST KEY KEYS-----
         Stopping User Manager for UID 1000...
[   57.571409] cloud-init[1387]: Cloud-init v. 0.7.9 running 'modules:final' at Fri, 20 Oct 2017 20:23:18 +0000. Up 56.89 seconds.
[[0;32m  OK  [0m] Stopped User Manager for UID 1000.
[   57.606175] cloud-init[1387]: ci-info: no authorized ssh keys fingerprints found for user ubuntu.
[   57.636462] cloud-init[1387]: Cloud-init v. 0.7.9 finished at Fri, 20 Oct 2017 20:23:18 +0000. Datasource DataSourceNoCloud [seed=/dev/sdb][dsmode=net].  Up 57.55 seconds
[[0;32m  OK  [0m] Removed slice User Slice of ubuntu.
[[0;32m  OK  [0m] Started Execute cloud user/final scripts.
[[0;32m  OK  [0m] Reached target Cloud-init target.

Ubuntu 16.04.3 LTS instance ttyS0

instance login: 